python : Python 
строка:1 знак:1
+ python manage.py test crm > test_output.txt 2>&1
+ ~~~~~~~~~~~~~~~~~~~~~~~~~~~~~~~~~~~~~~~~~~~~~~~~
    + CategoryInfo          : NotSpecified: (Python :String) [], RemoteException
    + FullyQualifiedErrorId : NativeCommandError
 
